// Jest Snapshot v1, https://goo.gl/fbAQLP

exports[`renders incorrectly when there are no items 1`] = `ShallowWrapper {}`;
